[backblue.gif]
[fade.gif]
[index.html]
[www.lsic.ucla.edu/ls3/tutorials/gene_cloning.html]
[www.lsic.ucla.edu/ls3/tutorials/MB_GC.swf]
[www.lsic.ucla.edu/ls3/tutorials/gene_sml.gif]
[www.lsic.ucla.edu/ls3/tutorials/index.html]
[www.lsic.ucla.edu/ls3/tutorials/btn_GE_rollover.gif]
[www.lsic.ucla.edu/ls3/tutorials/img_molecular.gif]
[www.lsic.ucla.edu/ls3/tutorials/btn_GC_rollover.gif]
[www.lsic.ucla.edu/ls3/tutorials/img_tutorial_title.gif]
[www.lsic.ucla.edu/ls3/tutorials/img_spacer.gif]
[www.lsic.ucla.edu/ls3/tutorials/index-2.html]
[www.lsic.ucla.edu/ls3/tutorials/contact.html]
[www.lsic.ucla.edu/ls3/tutorials/img_mb_title.gif]
[www.lsic.ucla.edu/ls3/tutorials/btn_GE.gif]
[www.lsic.ucla.edu/ls3/tutorials/MB_GC1.html]
[www.lsic.ucla.edu/ls3/tutorials/btn_GC.gif]
[www.lsic.ucla.edu/ls3/tutorials/MB_GC1.swf]
[www.lsic.ucla.edu/ls3/tutorials/gene_expression.html]
[www.lsic.ucla.edu/ls3/tutorials/transparent.gif]
[www.lsic.ucla.edu/ls3/tutorials/MB_GE.swf]
[www.lsic.ucla.edu/ls3/tutorials/MB_GE_transcription.swf]
[www.lsic.ucla.edu/ls3/tutorials/MB_GE_Splicing.swf]
[www.lsic.ucla.edu/ls3/tutorials/MB_GE_Translation.swf]
